
   FAIL  Tests\Feature\TopUpPotPlanTest
  ⨯ plan details shows pot status and add more widget once a pot is open                                         1.21s  
  ────────────────────────────────────────────────────────────────────────────────────────────────────────────────────  
   FAILED  Tests\Feature\TopUpPotPlanTest > plan details shows pot status and add more widget once a pot is open        
